class : CLASS
A : ID
{ : AS
f : ID
( : PS
x : ID
: : DP
Int : ID
) : PD
: : DP
Object : ID
{ : AS
while : WHILE
0 : INT
< : INEGALITATI
x : ID
loop : LOOP
x : ID
<- : ATRIBUIRE
x : ID
- : ARITMETIC
1 : INT
pool : POOL
} : AD
; : PV
} : AD
; : PV
<EOF> : EOF
(program (stat (decclass class A (body { (stat (decfunctie (header f ( (decvars (decvar x : Int)) ) : Object) (body { (stat (whileloop while (expresie (expresie 0) < (expresie x)) loop (stat (asigvar x <- (expresie (expresie x) - (expresie 1)))) pool)) }))) ; }))) ;)
