"19-error-comment.cl", line 2:4, Syntax error: mismatched input '*' expecting {ID, '}'}
EOF in comment
Compilation halted
