line 2:13 token recognition error at: '#'
class : CLASS
A : ID
{ : AS
x : ID
: : DP
Int : ID
; : PV
} : AD
; : PV
<EOF> : EOF
(program (stat (decclass class A (body { (stat (decvar x : Int)) ; }))) ;)
